[[1;34mINFO[m] Scanning for projects...
[[1;34mINFO[m] 
[[1;34mINFO[m] [1m--------------------< [0;36mcom.payverse:wallet-service[0;1m >---------------------[m
[[1;34mINFO[m] [1mBuilding wallet-service 1.0.0-SNAPSHOT[m
[[1;34mINFO[m] [1m--------------------------------[ jar ]---------------------------------[m
[[1;34mINFO[m] 
[[1;34mINFO[m] [1m>>> [0;32mspring-boot-maven-plugin:3.5.3:run[m [1m(default-cli)[0;1m > [0;1mtest-compile[m @ [36mwallet-service[0;1m >>>[m
[[1;34mINFO[m] 
[[1;34mINFO[m] [1m--- [0;32mmaven-resources-plugin:3.3.1:resources[m [1m(default-resources)[m @ [36mwallet-service[0;1m ---[m
[[1;34mINFO[m] Copying 1 resource from src/main/resources to target/classes
[[1;34mINFO[m] Copying 1 resource from src/main/resources to target/classes
[[1;34mINFO[m] 
[[1;34mINFO[m] [1m--- [0;32mmaven-compiler-plugin:3.14.0:compile[m [1m(default-compile)[m @ [36mwallet-service[0;1m ---[m
[[1;34mINFO[m] Recompiling the module because of [1mchanged source code[m.
[[1;34mINFO[m] Compiling 13 source files with javac [debug parameters release 17] to target/classes
[[1;34mINFO[m] 
[[1;34mINFO[m] [1m--- [0;32mmaven-resources-plugin:3.3.1:testResources[m [1m(default-testResources)[m @ [36mwallet-service[0;1m ---[m
[[1;34mINFO[m] skip non existing resourceDirectory /home/abhay/Desktop/Next_Step/Projects/Major_Project_Fintech/phonepay-fintech/payverse/wallet-service/src/test/resources
[[1;34mINFO[m] 
[[1;34mINFO[m] [1m--- [0;32mmaven-compiler-plugin:3.14.0:testCompile[m [1m(default-testCompile)[m @ [36mwallet-service[0;1m ---[m
[[1;34mINFO[m] Recompiling the module because of [1mchanged dependency[m.
[[1;34mINFO[m] 
[[1;34mINFO[m] [1m<<< [0;32mspring-boot-maven-plugin:3.5.3:run[m [1m(default-cli)[0;1m < [0;1mtest-compile[m @ [36mwallet-service[0;1m <<<[m
[[1;34mINFO[m] 
[[1;34mINFO[m] 
[[1;34mINFO[m] [1m--- [0;32mspring-boot-maven-plugin:3.5.3:run[m [1m(default-cli)[m @ [36mwallet-service[0;1m ---[m
[[1;34mINFO[m] Attaching agents: []

  .   ____          _            __ _ _
 /\\ / ___'_ __ _ _(_)_ __  __ _ \ \ \ \
( ( )\___ | '_ | '_| | '_ \/ _` | \ \ \ \
 \\/  ___)| |_)| | | | | || (_| |  ) ) ) )
  '  |____| .__|_| |_|_| |_\__, | / / / /
 =========|_|==============|___/=/_/_/_/

 :: Spring Boot ::                (v3.5.3)

2026-08-16T16:34:04.989+05:30  INFO 81398 --- [wallet-service] [           main] c.p.w.WalletServiceApplication           : Starting WalletServiceApplication using Java 21.0.11 with PID 81398 (/home/abhay/Desktop/Next_Step/Projects/Major_Project_Fintech/phonepay-fintech/payverse/wallet-service/target/classes started by abhay in /home/abhay/Desktop/Next_Step/Projects/Major_Project_Fintech/phonepay-fintech/payverse/wallet-service)
2026-08-16T16:34:04.992+05:30  INFO 81398 --- [wallet-service] [           main] c.p.w.WalletServiceApplication           : No active profile set, falling back to 1 default profile: "default"
2026-08-16T16:34:06.416+05:30  INFO 81398 --- [wallet-service] [           main] .s.d.r.c.RepositoryConfigurationDelegate : Multiple Spring Data modules found, entering strict repository configuration mode
2026-08-16T16:34:06.418+05:30  INFO 81398 --- [wallet-service] [           main] .s.d.r.c.RepositoryConfigurationDelegate : Bootstrapping Spring Data JPA repositories in DEFAULT mode.
2026-08-16T16:34:06.613+05:30  INFO 81398 --- [wallet-service] [           main] .s.d.r.c.RepositoryConfigurationDelegate : Finished Spring Data repository scanning in 182 ms. Found 1 JPA repository interface.
2026-08-16T16:34:06.632+05:30  INFO 81398 --- [wallet-service] [           main] .s.d.r.c.RepositoryConfigurationDelegate : Multiple Spring Data modules found, entering strict repository configuration mode
2026-08-16T16:34:06.634+05:30  INFO 81398 --- [wallet-service] [           main] .s.d.r.c.RepositoryConfigurationDelegate : Bootstrapping Spring Data Redis repositories in DEFAULT mode.
2026-08-16T16:34:06.652+05:30  INFO 81398 --- [wallet-service] [           main] .RepositoryConfigurationExtensionSupport : Spring Data Redis - Could not safely identify store assignment for repository candidate interface com.payverse.walletservice.repository.WalletRepository; If you want this repository to be a Redis repository, consider annotating your entities with one of these annotations: org.springframework.data.redis.core.RedisHash (preferred), or consider extending one of the following types with your repository: org.springframework.data.keyvalue.repository.KeyValueRepository
2026-08-16T16:34:06.653+05:30  INFO 81398 --- [wallet-service] [           main] .s.d.r.c.RepositoryConfigurationDelegate : Finished Spring Data repository scanning in 7 ms. Found 0 Redis repository interfaces.
2026-08-16T16:34:07.418+05:30  INFO 81398 --- [wallet-service] [           main] o.s.b.w.embedded.tomcat.TomcatWebServer  : Tomcat initialized with port 8081 (http)
2026-08-16T16:34:07.436+05:30  INFO 81398 --- [wallet-service] [           main] o.apache.catalina.core.StandardService   : Starting service [Tomcat]
2026-08-16T16:34:07.436+05:30  INFO 81398 --- [wallet-service] [           main] o.apache.catalina.core.StandardEngine    : Starting Servlet engine: [Apache Tomcat/10.1.42]
2026-08-16T16:34:07.501+05:30  INFO 81398 --- [wallet-service] [           main] o.a.c.c.C.[Tomcat].[localhost].[/]       : Initializing Spring embedded WebApplicationContext
2026-08-16T16:34:07.503+05:30  INFO 81398 --- [wallet-service] [           main] w.s.c.ServletWebServerApplicationContext : Root WebApplicationContext: initialization completed in 2456 ms
2026-08-16T16:34:08.111+05:30  INFO 81398 --- [wallet-service] [           main] com.zaxxer.hikari.HikariDataSource       : HikariPool-1 - Starting...
2026-08-16T16:34:08.591+05:30  INFO 81398 --- [wallet-service] [           main] com.zaxxer.hikari.pool.HikariPool        : HikariPool-1 - Added connection com.mysql.cj.jdbc.ConnectionImpl@65d90b7f
2026-08-16T16:34:08.593+05:30  INFO 81398 --- [wallet-service] [           main] com.zaxxer.hikari.HikariDataSource       : HikariPool-1 - Start completed.
2026-08-16T16:34:08.676+05:30  INFO 81398 --- [wallet-service] [           main] org.flywaydb.core.FlywayExecutor         : Database: jdbc:mysql://localhost:3306/payverse_wallet_db (MySQL 8.4)
2026-08-16T16:34:08.702+05:30  WARN 81398 --- [wallet-service] [           main] o.f.c.internal.database.base.Database    : Flyway upgrade recommended: MySQL 8.4 is newer than this version of Flyway and support has not been tested. The latest supported version of MySQL is 8.1.
2026-08-16T16:34:08.859+05:30  INFO 81398 --- [wallet-service] [           main] o.f.core.internal.command.DbValidate     : Successfully validated 1 migration (execution time 00:00.112s)
2026-08-16T16:34:08.911+05:30  INFO 81398 --- [wallet-service] [           main] o.f.core.internal.command.DbMigrate      : Current version of schema `payverse_wallet_db`: 1
2026-08-16T16:34:08.918+05:30  INFO 81398 --- [wallet-service] [           main] o.f.core.internal.command.DbMigrate      : Schema `payverse_wallet_db` is up to date. No migration necessary.
2026-08-16T16:34:09.042+05:30  INFO 81398 --- [wallet-service] [           main] o.hibernate.jpa.internal.util.LogHelper  : HHH000204: Processing PersistenceUnitInfo [name: default]
2026-08-16T16:34:09.104+05:30  INFO 81398 --- [wallet-service] [           main] org.hibernate.Version                    : HHH000412: Hibernate ORM core version 6.6.18.Final
2026-08-16T16:34:09.147+05:30  INFO 81398 --- [wallet-service] [           main] o.h.c.internal.RegionFactoryInitiator    : HHH000026: Second-level cache disabled
2026-08-16T16:34:09.488+05:30  INFO 81398 --- [wallet-service] [           main] o.s.o.j.p.SpringPersistenceUnitInfo      : No LoadTimeWeaver setup: ignoring JPA class transformer
2026-08-16T16:34:09.589+05:30  INFO 81398 --- [wallet-service] [           main] org.hibernate.orm.connections.pooling    : HHH10001005: Database info:
	Database JDBC URL [Connecting through datasource 'HikariDataSource (HikariPool-1)']
	Database driver: undefined/unknown
	Database version: 8.4.10
	Autocommit mode: undefined/unknown
	Isolation level: undefined/unknown
	Minimum pool size: undefined/unknown
	Maximum pool size: undefined/unknown
2026-08-16T16:34:10.611+05:30  INFO 81398 --- [wallet-service] [           main] o.h.e.t.j.p.i.JtaPlatformInitiator       : HHH000489: No JTA platform available (set 'hibernate.transaction.jta.platform' to enable JTA platform integration)
2026-08-16T16:34:10.654+05:30  INFO 81398 --- [wallet-service] [           main] j.LocalContainerEntityManagerFactoryBean : Initialized JPA EntityManagerFactory for persistence unit 'default'
2026-08-16T16:34:11.389+05:30  WARN 81398 --- [wallet-service] [           main] JpaBaseConfiguration$JpaWebConfiguration : spring.jpa.open-in-view is enabled by default. Therefore, database queries may be performed during view rendering. Explicitly configure spring.jpa.open-in-view to disable this warning
2026-08-16T16:34:11.438+05:30  WARN 81398 --- [wallet-service] [           main] .s.s.UserDetailsServiceAutoConfiguration : 

Using generated security password: 8672e199-47cf-41dc-91f5-5f64e56368ef

This generated password is for development use only. Your security configuration must be updated before running your application in production.

2026-08-16T16:34:11.449+05:30  INFO 81398 --- [wallet-service] [           main] r$InitializeUserDetailsManagerConfigurer : Global AuthenticationManager configured with UserDetailsService bean with name inMemoryUserDetailsManager
2026-08-16T16:34:12.220+05:30  INFO 81398 --- [wallet-service] [           main] o.s.b.a.e.web.EndpointLinksResolver      : Exposing 1 endpoint beneath base path '/actuator'
2026-08-16T16:34:12.347+05:30  INFO 81398 --- [wallet-service] [           main] o.s.b.w.embedded.tomcat.TomcatWebServer  : Tomcat started on port 8081 (http) with context path '/'
2026-08-16T16:34:12.368+05:30  INFO 81398 --- [wallet-service] [           main] c.p.w.WalletServiceApplication           : Started WalletServiceApplication in 7.986 seconds (process running for 8.427)
2026-08-16T16:34:21.547+05:30  INFO 81398 --- [wallet-service] [nio-8081-exec-1] o.a.c.c.C.[Tomcat].[localhost].[/]       : Initializing Spring DispatcherServlet 'dispatcherServlet'
2026-08-16T16:34:21.548+05:30  INFO 81398 --- [wallet-service] [nio-8081-exec-1] o.s.web.servlet.DispatcherServlet        : Initializing Servlet 'dispatcherServlet'
2026-08-16T16:34:21.550+05:30  INFO 81398 --- [wallet-service] [nio-8081-exec-1] o.s.web.servlet.DispatcherServlet        : Completed initialization in 2 ms
2026-08-16T16:34:21.733+05:30  WARN 81398 --- [wallet-service] [nio-8081-exec-1] .w.s.m.s.DefaultHandlerExceptionResolver : Resolved [org.springframework.web.bind.MethodArgumentNotValidException: Validation failed for argument [0] in public org.springframework.http.ResponseEntity<com.payverse.walletservice.dto.WalletResponse> com.payverse.walletservice.controller.WalletController.debitMoney(com.payverse.walletservice.dto.AddMoneyRequest): [Field error in object 'addMoneyRequest' on field 'userId': rejected value [null]; codes [NotNull.addMoneyRequest.userId,NotNull.userId,NotNull.java.lang.Long,NotNull]; arguments [org.springframework.context.support.DefaultMessageSourceResolvable: codes [addMoneyRequest.userId,userId]; arguments []; default message [userId]]; default message [must not be null]] ]
Hibernate: 
    select
        w1_0.id,
        w1_0.balance,
        w1_0.created_at,
        w1_0.updated_at,
        w1_0.user_id,
        w1_0.version 
    from
        wallets w1_0 
    where
        w1_0.user_id=?
Hibernate: 
    update
        wallets 
    set
        balance=?,
        updated_at=?,
        user_id=?,
        version=? 
    where
        id=? 
        and version=?
Hibernate: 
    select
        w1_0.id,
        w1_0.balance,
        w1_0.created_at,
        w1_0.updated_at,
        w1_0.user_id,
        w1_0.version 
    from
        wallets w1_0 
    where
        w1_0.user_id=?
Hibernate: 
    update
        wallets 
    set
        balance=?,
        updated_at=?,
        user_id=?,
        version=? 
    where
        id=? 
        and version=?
Hibernate: 
    select
        w1_0.id,
        w1_0.balance,
        w1_0.created_at,
        w1_0.updated_at,
        w1_0.user_id,
        w1_0.version 
    from
        wallets w1_0 
    where
        w1_0.user_id=?
Hibernate: 
    update
        wallets 
    set
        balance=?,
        updated_at=?,
        user_id=?,
        version=? 
    where
        id=? 
        and version=?
Hibernate: 
    select
        w1_0.id,
        w1_0.balance,
        w1_0.created_at,
        w1_0.updated_at,
        w1_0.user_id,
        w1_0.version 
    from
        wallets w1_0 
    where
        w1_0.user_id=?
Hibernate: 
    update
        wallets 
    set
        balance=?,
        updated_at=?,
        user_id=?,
        version=? 
    where
        id=? 
        and version=?
